23:13:15.627 [main] INFO  c.e.journalApp.JournalApplication - Starting JournalApplication using Java 21.0.9 with PID 30600 (C:\Projects\journalApp\target\classes started by Pranchal in C:\Projects\journalApp)
23:13:15.636 [main] INFO  c.e.journalApp.JournalApplication - The following 1 profile is active: "dev"
23:13:17.452 [main] INFO  o.s.d.r.c.RepositoryConfigurationDelegate - Bootstrapping Spring Data MongoDB repositories in DEFAULT mode.
23:13:17.530 [main] INFO  o.s.d.r.c.RepositoryConfigurationDelegate - Finished Spring Data repository scanning in 68 ms. Found 3 MongoDB repository interfaces.
23:13:18.161 [main] INFO  o.s.b.w.e.tomcat.TomcatWebServer - Tomcat initialized with port 8080 (http)
23:13:18.202 [main] INFO  o.a.coyote.http11.Http11NioProtocol - Initializing ProtocolHandler ["http-nio-8080"]
23:13:18.205 [main] INFO  o.a.catalina.core.StandardService - Starting service [Tomcat]
23:13:18.206 [main] INFO  o.a.catalina.core.StandardEngine - Starting Servlet engine: [Apache Tomcat/10.1.50]
23:13:18.270 [main] INFO  o.a.c.c.C.[.[localhost].[/journal] - Initializing Spring embedded WebApplicationContext
23:13:18.271 [main] INFO  o.s.b.w.s.c.ServletWebServerApplicationContext - Root WebApplicationContext: initialization completed in 2469 ms
23:13:18.926 [main] INFO  org.mongodb.driver.client - MongoClient with metadata {"application": {"name": "Cluster0"}, "driver": {"name": "mongo-java-driver|sync|spring-boot", "version": "5.5.2"}, "os": {"type": "Windows", "name": "Windows 11", "architecture": "amd64", "version": "10.0"}, "platform": "Java/Oracle Corporation/21.0.9+7-LTS-338"} created with settings MongoClientSettings{readPreference=primary, writeConcern=WriteConcern{w=null, wTimeout=null ms, journal=null}, retryWrites=true, retryReads=true, readConcern=ReadConcern{level=null}, credential=MongoCredential{mechanism=null, userName='spranchal864_db_user', source='admin', password=<hidden>, mechanismProperties=<hidden>}, transportSettings=null, commandListeners=[io.micrometer.core.instrument.binder.mongodb.MongoMetricsCommandListener@38022758], codecRegistry=ProvidersCodecRegistry{codecProviders=[ValueCodecProvider{}, BsonValueCodecProvider{}, DBRefCodecProvider{}, DBObjectCodecProvider{}, DocumentCodecProvider{}, CollectionCodecProvider{}, IterableCodecProvider{}, MapCodecProvider{}, GeoJsonCodecProvider{}, GridFSFileCodecProvider{}, Jsr310CodecProvider{}, JsonObjectCodecProvider{}, BsonCodecProvider{}, EnumCodecProvider{}, com.mongodb.client.model.mql.ExpressionCodecProvider@69f9b561, com.mongodb.Jep395RecordCodecProvider@7e8f23ad, com.mongodb.KotlinCodecProvider@7433ca19]}, loggerSettings=LoggerSettings{maxDocumentLength=1000}, clusterSettings={hosts=[127.0.0.1:27017], srvHost=cluster0.3mev3q1.mongodb.net, srvServiceName=mongodb, mode=MULTIPLE, requiredClusterType=REPLICA_SET, requiredReplicaSetName='atlas-oa4inv-shard-0', serverSelector='null', clusterListeners='[]', serverSelectionTimeout='30000 ms', localThreshold='15 ms'}, socketSettings=SocketSettings{connectTimeoutMS=10000, readTimeoutMS=0, receiveBufferSize=0, proxySettings=ProxySettings{host=null, port=null, username=null, password=null}}, heartbeatSocketSettings=SocketSettings{connectTimeoutMS=10000, readTimeoutMS=10000, receiveBufferSize=0, proxySettings=ProxySettings{host=null, port=null, username=null, password=null}}, connectionPoolSettings=ConnectionPoolSettings{maxSize=100, minSize=0, maxWaitTimeMS=120000, maxConnectionLifeTimeMS=0, maxConnectionIdleTimeMS=0, maintenanceInitialDelayMS=0, maintenanceFrequencyMS=60000, connectionPoolListeners=[io.micrometer.core.instrument.binder.mongodb.MongoMetricsConnectionPoolListener@5d221b20], maxConnecting=2}, serverSettings=ServerSettings{heartbeatFrequencyMS=10000, minHeartbeatFrequencyMS=500, serverMonitoringMode=AUTO, serverListeners='[]', serverMonitorListeners='[]'}, sslSettings=SslSettings{enabled=true, invalidHostNameAllowed=false, context=null}, applicationName='Cluster0', compressorList=[], uuidRepresentation=JAVA_LEGACY, serverApi=null, autoEncryptionSettings=null, dnsClient=null, inetAddressResolver=null, contextProvider=null, timeoutMS=null}
23:13:18.998 [cluster-ClusterId{value='69c570367dba7d4c8a7d37e3', description='Cluster0'}-srv-cluster0.3mev3q1.mongodb.net] INFO  org.mongodb.driver.cluster - Adding discovered server ac-exzrcvr-shard-00-01.3mev3q1.mongodb.net:27017 to client view of cluster
23:13:19.044 [cluster-ClusterId{value='69c570367dba7d4c8a7d37e3', description='Cluster0'}-srv-cluster0.3mev3q1.mongodb.net] INFO  org.mongodb.driver.cluster - Adding discovered server ac-exzrcvr-shard-00-00.3mev3q1.mongodb.net:27017 to client view of cluster
23:13:19.048 [cluster-ClusterId{value='69c570367dba7d4c8a7d37e3', description='Cluster0'}-srv-cluster0.3mev3q1.mongodb.net] INFO  org.mongodb.driver.cluster - Adding discovered server ac-exzrcvr-shard-00-02.3mev3q1.mongodb.net:27017 to client view of cluster
23:13:19.351 [main] INFO  org.mongodb.driver.cluster - Waiting for server to become available for operation with ID 5. Remaining time: 29984 ms. Selector: WritableServerSelector, topology description: {type=REPLICA_SET, servers=[{address=ac-exzrcvr-shard-00-01.3mev3q1.mongodb.net:27017, type=UNKNOWN, state=CONNECTING}, {address=ac-exzrcvr-shard-00-02.3mev3q1.mongodb.net:27017, type=UNKNOWN, state=CONNECTING}, {address=ac-exzrcvr-shard-00-00.3mev3q1.mongodb.net:27017, type=UNKNOWN, state=CONNECTING}].
23:13:20.082 [cluster-ClusterId{value='69c570367dba7d4c8a7d37e3', description='Cluster0'}-ac-exzrcvr-shard-00-02.3mev3q1.mongodb.net:27017] INFO  org.mongodb.driver.cluster - Monitor thread successfully connected to server with description ServerDescription{address=ac-exzrcvr-shard-00-02.3mev3q1.mongodb.net:27017, type=REPLICA_SET_SECONDARY, cryptd=false, state=CONNECTED, ok=true, minWireVersion=0, maxWireVersion=25, maxDocumentSize=16777216, logicalSessionTimeoutMinutes=30, roundTripTimeNanos=282301200, minRoundTripTimeNanos=0, setName='atlas-oa4inv-shard-0', canonicalAddress=ac-exzrcvr-shard-00-02.3mev3q1.mongodb.net:27017, hosts=[ac-exzrcvr-shard-00-00.3mev3q1.mongodb.net:27017, ac-exzrcvr-shard-00-01.3mev3q1.mongodb.net:27017, ac-exzrcvr-shard-00-02.3mev3q1.mongodb.net:27017], passives=[], arbiters=[], primary='ac-exzrcvr-shard-00-01.3mev3q1.mongodb.net:27017', tagSet=TagSet{[Tag{name='availabilityZone', value='aps1-az2'}, Tag{name='diskState', value='READY'}, Tag{name='nodeType', value='ELECTABLE'}, Tag{name='provider', value='AWS'}, Tag{name='region', value='AP_SOUTH_1'}, Tag{name='workloadType', value='OPERATIONAL'}]}, electionId=null, setVersion=287, topologyVersion=TopologyVersion{processId=69b2ea8b1a2857c1cb805842, counter=3}, lastWriteDate=Thu Mar 26 23:13:20 IST 2026, lastUpdateTimeNanos=4413781136796400}
23:13:20.082 [cluster-ClusterId{value='69c570367dba7d4c8a7d37e3', description='Cluster0'}-ac-exzrcvr-shard-00-00.3mev3q1.mongodb.net:27017] INFO  org.mongodb.driver.cluster - Monitor thread successfully connected to server with description ServerDescription{address=ac-exzrcvr-shard-00-00.3mev3q1.mongodb.net:27017, type=REPLICA_SET_SECONDARY, cryptd=false, state=CONNECTED, ok=true, minWireVersion=0, maxWireVersion=25, maxDocumentSize=16777216, logicalSessionTimeoutMinutes=30, roundTripTimeNanos=407325400, minRoundTripTimeNanos=0, setName='atlas-oa4inv-shard-0', canonicalAddress=ac-exzrcvr-shard-00-00.3mev3q1.mongodb.net:27017, hosts=[ac-exzrcvr-shard-00-00.3mev3q1.mongodb.net:27017, ac-exzrcvr-shard-00-01.3mev3q1.mongodb.net:27017, ac-exzrcvr-shard-00-02.3mev3q1.mongodb.net:27017], passives=[], arbiters=[], primary='ac-exzrcvr-shard-00-01.3mev3q1.mongodb.net:27017', tagSet=TagSet{[Tag{name='availabilityZone', value='aps1-az1'}, Tag{name='diskState', value='READY'}, Tag{name='nodeType', value='ELECTABLE'}, Tag{name='provider', value='AWS'}, Tag{name='region', value='AP_SOUTH_1'}, Tag{name='workloadType', value='OPERATIONAL'}]}, electionId=null, setVersion=287, topologyVersion=TopologyVersion{processId=69b2e4ff0d5b521614cbc362, counter=4}, lastWriteDate=Thu Mar 26 23:13:20 IST 2026, lastUpdateTimeNanos=4413781136796400}
23:13:20.082 [cluster-ClusterId{value='69c570367dba7d4c8a7d37e3', description='Cluster0'}-ac-exzrcvr-shard-00-01.3mev3q1.mongodb.net:27017] INFO  org.mongodb.driver.cluster - Monitor thread successfully connected to server with description ServerDescription{address=ac-exzrcvr-shard-00-01.3mev3q1.mongodb.net:27017, type=REPLICA_SET_PRIMARY, cryptd=false, state=CONNECTED, ok=true, minWireVersion=0, maxWireVersion=25, maxDocumentSize=16777216, logicalSessionTimeoutMinutes=30, roundTripTimeNanos=282176199, minRoundTripTimeNanos=0, setName='atlas-oa4inv-shard-0', canonicalAddress=ac-exzrcvr-shard-00-01.3mev3q1.mongodb.net:27017, hosts=[ac-exzrcvr-shard-00-00.3mev3q1.mongodb.net:27017, ac-exzrcvr-shard-00-01.3mev3q1.mongodb.net:27017, ac-exzrcvr-shard-00-02.3mev3q1.mongodb.net:27017], passives=[], arbiters=[], primary='ac-exzrcvr-shard-00-01.3mev3q1.mongodb.net:27017', tagSet=TagSet{[Tag{name='availabilityZone', value='aps1-az3'}, Tag{name='diskState', value='READY'}, Tag{name='nodeType', value='ELECTABLE'}, Tag{name='provider', value='AWS'}, Tag{name='region', value='AP_SOUTH_1'}, Tag{name='workloadType', value='OPERATIONAL'}]}, electionId=7fffffff0000000000000121, setVersion=287, topologyVersion=TopologyVersion{processId=69b2e7d7ffef36ef94f670d8, counter=6}, lastWriteDate=Thu Mar 26 23:13:20 IST 2026, lastUpdateTimeNanos=4413781136796300}
23:13:20.087 [cluster-ClusterId{value='69c570367dba7d4c8a7d37e3', description='Cluster0'}-ac-exzrcvr-shard-00-01.3mev3q1.mongodb.net:27017] INFO  org.mongodb.driver.cluster - Discovered replica set primary ac-exzrcvr-shard-00-01.3mev3q1.mongodb.net:27017 with max election id 7fffffff0000000000000121 and max set version 287
23:13:21.660 [main] INFO  o.s.b.a.e.web.EndpointLinksResolver - Exposing 1 endpoint beneath base path '/actuator'
23:13:21.731 [main] INFO  o.s.s.c.a.a.c.InitializeUserDetailsBeanManagerConfigurer$InitializeUserDetailsManagerConfigurer - Global AuthenticationManager configured with UserDetailsService bean with name userDetailsServiceImpl
23:13:22.511 [main] INFO  o.a.coyote.http11.Http11NioProtocol - Starting ProtocolHandler ["http-nio-8080"]
23:13:22.528 [main] INFO  o.s.b.w.e.tomcat.TomcatWebServer - Tomcat started on port 8080 (http) with context path '/journal'
23:13:22.545 [main] INFO  c.e.journalApp.JournalApplication - Started JournalApplication in 7.518 seconds (process running for 8.508)
23:13:25.040 [RMI TCP Connection(2)-127.0.0.1] INFO  o.a.c.c.C.[.[localhost].[/journal] - Initializing Spring DispatcherServlet 'dispatcherServlet'
23:13:25.040 [RMI TCP Connection(2)-127.0.0.1] INFO  o.s.web.servlet.DispatcherServlet - Initializing Servlet 'dispatcherServlet'
23:13:25.041 [RMI TCP Connection(2)-127.0.0.1] INFO  o.s.web.servlet.DispatcherServlet - Completed initialization in 1 ms
23:13:43.341 [main] INFO  o.s.t.c.s.AnnotationConfigContextLoaderUtils - Could not detect default configuration classes for test class [com.edigest.journalApp.Services.EmailServiceTest]: EmailServiceTest does not declare any static, non-private, non-final, nested classes annotated with @Configuration.
23:13:43.665 [main] INFO  o.s.b.t.c.SpringBootTestContextBootstrapper - Found @SpringBootConfiguration com.edigest.journalApp.JournalApplication for test class com.edigest.journalApp.Services.EmailServiceTest
23:13:44.258 [main] INFO  c.e.j.Services.EmailServiceTest - Starting EmailServiceTest using Java 21.0.9 with PID 17044 (started by Pranchal in C:\Projects\journalApp)
23:13:44.259 [main] INFO  c.e.j.Services.EmailServiceTest - The following 1 profile is active: "dev"
23:13:45.836 [main] INFO  o.s.d.r.c.RepositoryConfigurationDelegate - Bootstrapping Spring Data MongoDB repositories in DEFAULT mode.
23:13:45.975 [main] INFO  o.s.d.r.c.RepositoryConfigurationDelegate - Finished Spring Data repository scanning in 117 ms. Found 3 MongoDB repository interfaces.
23:13:46.918 [main] INFO  org.mongodb.driver.client - MongoClient with metadata {"application": {"name": "Cluster0"}, "driver": {"name": "mongo-java-driver|sync|spring-boot", "version": "5.5.2"}, "os": {"type": "Windows", "name": "Windows 11", "architecture": "amd64", "version": "10.0"}, "platform": "Java/Oracle Corporation/21.0.9+7-LTS-338"} created with settings MongoClientSettings{readPreference=primary, writeConcern=WriteConcern{w=null, wTimeout=null ms, journal=null}, retryWrites=true, retryReads=true, readConcern=ReadConcern{level=null}, credential=MongoCredential{mechanism=null, userName='spranchal864_db_user', source='admin', password=<hidden>, mechanismProperties=<hidden>}, transportSettings=null, commandListeners=[io.micrometer.core.instrument.binder.mongodb.MongoMetricsCommandListener@21b744ec], codecRegistry=ProvidersCodecRegistry{codecProviders=[ValueCodecProvider{}, BsonValueCodecProvider{}, DBRefCodecProvider{}, DBObjectCodecProvider{}, DocumentCodecProvider{}, CollectionCodecProvider{}, IterableCodecProvider{}, MapCodecProvider{}, GeoJsonCodecProvider{}, GridFSFileCodecProvider{}, Jsr310CodecProvider{}, JsonObjectCodecProvider{}, BsonCodecProvider{}, EnumCodecProvider{}, com.mongodb.client.model.mql.ExpressionCodecProvider@697a92af, com.mongodb.Jep395RecordCodecProvider@7ea3839e, com.mongodb.KotlinCodecProvider@16b76858]}, loggerSettings=LoggerSettings{maxDocumentLength=1000}, clusterSettings={hosts=[127.0.0.1:27017], srvHost=cluster0.3mev3q1.mongodb.net, srvServiceName=mongodb, mode=MULTIPLE, requiredClusterType=REPLICA_SET, requiredReplicaSetName='atlas-oa4inv-shard-0', serverSelector='null', clusterListeners='[]', serverSelectionTimeout='30000 ms', localThreshold='15 ms'}, socketSettings=SocketSettings{connectTimeoutMS=10000, readTimeoutMS=0, receiveBufferSize=0, proxySettings=ProxySettings{host=null, port=null, username=null, password=null}}, heartbeatSocketSettings=SocketSettings{connectTimeoutMS=10000, readTimeoutMS=10000, receiveBufferSize=0, proxySettings=ProxySettings{host=null, port=null, username=null, password=null}}, connectionPoolSettings=ConnectionPoolSettings{maxSize=100, minSize=0, maxWaitTimeMS=120000, maxConnectionLifeTimeMS=0, maxConnectionIdleTimeMS=0, maintenanceInitialDelayMS=0, maintenanceFrequencyMS=60000, connectionPoolListeners=[io.micrometer.core.instrument.binder.mongodb.MongoMetricsConnectionPoolListener@d3cce46], maxConnecting=2}, serverSettings=ServerSettings{heartbeatFrequencyMS=10000, minHeartbeatFrequencyMS=500, serverMonitoringMode=AUTO, serverListeners='[]', serverMonitorListeners='[]'}, sslSettings=SslSettings{enabled=true, invalidHostNameAllowed=false, context=null}, applicationName='Cluster0', compressorList=[], uuidRepresentation=JAVA_LEGACY, serverApi=null, autoEncryptionSettings=null, dnsClient=null, inetAddressResolver=null, contextProvider=null, timeoutMS=null}
23:13:47.092 [cluster-ClusterId{value='69c57052434d55084d51a945', description='Cluster0'}-srv-cluster0.3mev3q1.mongodb.net] INFO  org.mongodb.driver.cluster - Adding discovered server ac-exzrcvr-shard-00-01.3mev3q1.mongodb.net:27017 to client view of cluster
23:13:47.153 [cluster-ClusterId{value='69c57052434d55084d51a945', description='Cluster0'}-srv-cluster0.3mev3q1.mongodb.net] INFO  org.mongodb.driver.cluster - Adding discovered server ac-exzrcvr-shard-00-00.3mev3q1.mongodb.net:27017 to client view of cluster
23:13:47.159 [cluster-ClusterId{value='69c57052434d55084d51a945', description='Cluster0'}-srv-cluster0.3mev3q1.mongodb.net] INFO  org.mongodb.driver.cluster - Adding discovered server ac-exzrcvr-shard-00-02.3mev3q1.mongodb.net:27017 to client view of cluster
23:13:47.544 [main] INFO  org.mongodb.driver.cluster - Waiting for server to become available for operation with ID 5. Remaining time: 29970 ms. Selector: WritableServerSelector, topology description: {type=REPLICA_SET, servers=[{address=ac-exzrcvr-shard-00-01.3mev3q1.mongodb.net:27017, type=UNKNOWN, state=CONNECTING}, {address=ac-exzrcvr-shard-00-02.3mev3q1.mongodb.net:27017, type=UNKNOWN, state=CONNECTING}, {address=ac-exzrcvr-shard-00-00.3mev3q1.mongodb.net:27017, type=UNKNOWN, state=CONNECTING}].
23:13:48.281 [cluster-ClusterId{value='69c57052434d55084d51a945', description='Cluster0'}-ac-exzrcvr-shard-00-00.3mev3q1.mongodb.net:27017] INFO  org.mongodb.driver.cluster - Monitor thread successfully connected to server with description ServerDescription{address=ac-exzrcvr-shard-00-00.3mev3q1.mongodb.net:27017, type=REPLICA_SET_SECONDARY, cryptd=false, state=CONNECTED, ok=true, minWireVersion=0, maxWireVersion=25, maxDocumentSize=16777216, logicalSessionTimeoutMinutes=30, roundTripTimeNanos=572731801, minRoundTripTimeNanos=0, setName='atlas-oa4inv-shard-0', canonicalAddress=ac-exzrcvr-shard-00-00.3mev3q1.mongodb.net:27017, hosts=[ac-exzrcvr-shard-00-00.3mev3q1.mongodb.net:27017, ac-exzrcvr-shard-00-01.3mev3q1.mongodb.net:27017, ac-exzrcvr-shard-00-02.3mev3q1.mongodb.net:27017], passives=[], arbiters=[], primary='ac-exzrcvr-shard-00-01.3mev3q1.mongodb.net:27017', tagSet=TagSet{[Tag{name='availabilityZone', value='aps1-az1'}, Tag{name='diskState', value='READY'}, Tag{name='nodeType', value='ELECTABLE'}, Tag{name='provider', value='AWS'}, Tag{name='region', value='AP_SOUTH_1'}, Tag{name='workloadType', value='OPERATIONAL'}]}, electionId=null, setVersion=287, topologyVersion=TopologyVersion{processId=69b2e4ff0d5b521614cbc362, counter=4}, lastWriteDate=Thu Mar 26 23:13:48 IST 2026, lastUpdateTimeNanos=4413809336281299}
23:13:48.281 [cluster-ClusterId{value='69c57052434d55084d51a945', description='Cluster0'}-ac-exzrcvr-shard-00-02.3mev3q1.mongodb.net:27017] INFO  org.mongodb.driver.cluster - Monitor thread successfully connected to server with description ServerDescription{address=ac-exzrcvr-shard-00-02.3mev3q1.mongodb.net:27017, type=REPLICA_SET_SECONDARY, cryptd=false, state=CONNECTED, ok=true, minWireVersion=0, maxWireVersion=25, maxDocumentSize=16777216, logicalSessionTimeoutMinutes=30, roundTripTimeNanos=572824300, minRoundTripTimeNanos=0, setName='atlas-oa4inv-shard-0', canonicalAddress=ac-exzrcvr-shard-00-02.3mev3q1.mongodb.net:27017, hosts=[ac-exzrcvr-shard-00-00.3mev3q1.mongodb.net:27017, ac-exzrcvr-shard-00-01.3mev3q1.mongodb.net:27017, ac-exzrcvr-shard-00-02.3mev3q1.mongodb.net:27017], passives=[], arbiters=[], primary='ac-exzrcvr-shard-00-01.3mev3q1.mongodb.net:27017', tagSet=TagSet{[Tag{name='availabilityZone', value='aps1-az2'}, Tag{name='diskState', value='READY'}, Tag{name='nodeType', value='ELECTABLE'}, Tag{name='provider', value='AWS'}, Tag{name='region', value='AP_SOUTH_1'}, Tag{name='workloadType', value='OPERATIONAL'}]}, electionId=null, setVersion=287, topologyVersion=TopologyVersion{processId=69b2ea8b1a2857c1cb805842, counter=3}, lastWriteDate=Thu Mar 26 23:13:48 IST 2026, lastUpdateTimeNanos=4413809336371500}
23:13:48.281 [cluster-ClusterId{value='69c57052434d55084d51a945', description='Cluster0'}-ac-exzrcvr-shard-00-01.3mev3q1.mongodb.net:27017] INFO  org.mongodb.driver.cluster - Monitor thread successfully connected to server with description ServerDescription{address=ac-exzrcvr-shard-00-01.3mev3q1.mongodb.net:27017, type=REPLICA_SET_PRIMARY, cryptd=false, state=CONNECTED, ok=true, minWireVersion=0, maxWireVersion=25, maxDocumentSize=16777216, logicalSessionTimeoutMinutes=30, roundTripTimeNanos=572345500, minRoundTripTimeNanos=0, setName='atlas-oa4inv-shard-0', canonicalAddress=ac-exzrcvr-shard-00-01.3mev3q1.mongodb.net:27017, hosts=[ac-exzrcvr-shard-00-00.3mev3q1.mongodb.net:27017, ac-exzrcvr-shard-00-01.3mev3q1.mongodb.net:27017, ac-exzrcvr-shard-00-02.3mev3q1.mongodb.net:27017], passives=[], arbiters=[], primary='ac-exzrcvr-shard-00-01.3mev3q1.mongodb.net:27017', tagSet=TagSet{[Tag{name='availabilityZone', value='aps1-az3'}, Tag{name='diskState', value='READY'}, Tag{name='nodeType', value='ELECTABLE'}, Tag{name='provider', value='AWS'}, Tag{name='region', value='AP_SOUTH_1'}, Tag{name='workloadType', value='OPERATIONAL'}]}, electionId=7fffffff0000000000000121, setVersion=287, topologyVersion=TopologyVersion{processId=69b2e7d7ffef36ef94f670d8, counter=6}, lastWriteDate=Thu Mar 26 23:13:48 IST 2026, lastUpdateTimeNanos=4413809335904900}
23:13:48.289 [cluster-ClusterId{value='69c57052434d55084d51a945', description='Cluster0'}-ac-exzrcvr-shard-00-01.3mev3q1.mongodb.net:27017] INFO  org.mongodb.driver.cluster - Discovered replica set primary ac-exzrcvr-shard-00-01.3mev3q1.mongodb.net:27017 with max election id 7fffffff0000000000000121 and max set version 287
23:13:50.358 [main] INFO  o.s.b.a.e.web.EndpointLinksResolver - Exposing 1 endpoint beneath base path '/actuator'
23:13:50.412 [main] INFO  o.s.s.c.a.a.c.InitializeUserDetailsBeanManagerConfigurer$InitializeUserDetailsManagerConfigurer - Global AuthenticationManager configured with UserDetailsService bean with name userDetailsServiceImpl
23:13:51.111 [main] INFO  c.e.j.Services.EmailServiceTest - Started EmailServiceTest in 7.18 seconds (process running for 8.879)
23:14:03.507 [main] INFO  o.s.t.c.s.AnnotationConfigContextLoaderUtils - Could not detect default configuration classes for test class [com.edigest.journalApp.Services.EmailServiceTest]: EmailServiceTest does not declare any static, non-private, non-final, nested classes annotated with @Configuration.
23:14:03.797 [main] INFO  o.s.b.t.c.SpringBootTestContextBootstrapper - Found @SpringBootConfiguration com.edigest.journalApp.JournalApplication for test class com.edigest.journalApp.Services.EmailServiceTest
23:14:04.423 [main] INFO  c.e.j.Services.EmailServiceTest - Starting EmailServiceTest using Java 21.0.9 with PID 20096 (started by Pranchal in C:\Projects\journalApp)
23:14:04.423 [main] INFO  c.e.j.Services.EmailServiceTest - The following 1 profile is active: "dev"
23:14:05.740 [main] INFO  o.s.d.r.c.RepositoryConfigurationDelegate - Bootstrapping Spring Data MongoDB repositories in DEFAULT mode.
23:14:05.828 [main] INFO  o.s.d.r.c.RepositoryConfigurationDelegate - Finished Spring Data repository scanning in 76 ms. Found 3 MongoDB repository interfaces.
23:14:06.638 [main] INFO  org.mongodb.driver.client - MongoClient with metadata {"application": {"name": "Cluster0"}, "driver": {"name": "mongo-java-driver|sync|spring-boot", "version": "5.5.2"}, "os": {"type": "Windows", "name": "Windows 11", "architecture": "amd64", "version": "10.0"}, "platform": "Java/Oracle Corporation/21.0.9+7-LTS-338"} created with settings MongoClientSettings{readPreference=primary, writeConcern=WriteConcern{w=null, wTimeout=null ms, journal=null}, retryWrites=true, retryReads=true, readConcern=ReadConcern{level=null}, credential=MongoCredential{mechanism=null, userName='spranchal864_db_user', source='admin', password=<hidden>, mechanismProperties=<hidden>}, transportSettings=null, commandListeners=[io.micrometer.core.instrument.binder.mongodb.MongoMetricsCommandListener@5d717f19], codecRegistry=ProvidersCodecRegistry{codecProviders=[ValueCodecProvider{}, BsonValueCodecProvider{}, DBRefCodecProvider{}, DBObjectCodecProvider{}, DocumentCodecProvider{}, CollectionCodecProvider{}, IterableCodecProvider{}, MapCodecProvider{}, GeoJsonCodecProvider{}, GridFSFileCodecProvider{}, Jsr310CodecProvider{}, JsonObjectCodecProvider{}, BsonCodecProvider{}, EnumCodecProvider{}, com.mongodb.client.model.mql.ExpressionCodecProvider@18715bb, com.mongodb.Jep395RecordCodecProvider@2a19a0fe, com.mongodb.KotlinCodecProvider@2b7774d5]}, loggerSettings=LoggerSettings{maxDocumentLength=1000}, clusterSettings={hosts=[127.0.0.1:27017], srvHost=cluster0.3mev3q1.mongodb.net, srvServiceName=mongodb, mode=MULTIPLE, requiredClusterType=REPLICA_SET, requiredReplicaSetName='atlas-oa4inv-shard-0', serverSelector='null', clusterListeners='[]', serverSelectionTimeout='30000 ms', localThreshold='15 ms'}, socketSettings=SocketSettings{connectTimeoutMS=10000, readTimeoutMS=0, receiveBufferSize=0, proxySettings=ProxySettings{host=null, port=null, username=null, password=null}}, heartbeatSocketSettings=SocketSettings{connectTimeoutMS=10000, readTimeoutMS=10000, receiveBufferSize=0, proxySettings=ProxySettings{host=null, port=null, username=null, password=null}}, connectionPoolSettings=ConnectionPoolSettings{maxSize=100, minSize=0, maxWaitTimeMS=120000, maxConnectionLifeTimeMS=0, maxConnectionIdleTimeMS=0, maintenanceInitialDelayMS=0, maintenanceFrequencyMS=60000, connectionPoolListeners=[io.micrometer.core.instrument.binder.mongodb.MongoMetricsConnectionPoolListener@7d284f15], maxConnecting=2}, serverSettings=ServerSettings{heartbeatFrequencyMS=10000, minHeartbeatFrequencyMS=500, serverMonitoringMode=AUTO, serverListeners='[]', serverMonitorListeners='[]'}, sslSettings=SslSettings{enabled=true, invalidHostNameAllowed=false, context=null}, applicationName='Cluster0', compressorList=[], uuidRepresentation=JAVA_LEGACY, serverApi=null, autoEncryptionSettings=null, dnsClient=null, inetAddressResolver=null, contextProvider=null, timeoutMS=null}
23:14:06.639 [cluster-ClusterId{value='69c570667be20ed4f79568e7', description='Cluster0'}-srv-cluster0.3mev3q1.mongodb.net] INFO  org.mongodb.driver.cluster - Adding discovered server ac-exzrcvr-shard-00-01.3mev3q1.mongodb.net:27017 to client view of cluster
23:14:06.688 [cluster-ClusterId{value='69c570667be20ed4f79568e7', description='Cluster0'}-srv-cluster0.3mev3q1.mongodb.net] INFO  org.mongodb.driver.cluster - Adding discovered server ac-exzrcvr-shard-00-00.3mev3q1.mongodb.net:27017 to client view of cluster
23:14:06.691 [cluster-ClusterId{value='69c570667be20ed4f79568e7', description='Cluster0'}-srv-cluster0.3mev3q1.mongodb.net] INFO  org.mongodb.driver.cluster - Adding discovered server ac-exzrcvr-shard-00-02.3mev3q1.mongodb.net:27017 to client view of cluster
23:14:07.106 [main] INFO  org.mongodb.driver.cluster - Waiting for server to become available for operation with ID 5. Remaining time: 29984 ms. Selector: WritableServerSelector, topology description: {type=REPLICA_SET, servers=[{address=ac-exzrcvr-shard-00-01.3mev3q1.mongodb.net:27017, type=UNKNOWN, state=CONNECTING}, {address=ac-exzrcvr-shard-00-02.3mev3q1.mongodb.net:27017, type=UNKNOWN, state=CONNECTING}, {address=ac-exzrcvr-shard-00-00.3mev3q1.mongodb.net:27017, type=UNKNOWN, state=CONNECTING}].
23:14:07.548 [cluster-ClusterId{value='69c570667be20ed4f79568e7', description='Cluster0'}-ac-exzrcvr-shard-00-00.3mev3q1.mongodb.net:27017] INFO  org.mongodb.driver.cluster - Monitor thread successfully connected to server with description ServerDescription{address=ac-exzrcvr-shard-00-00.3mev3q1.mongodb.net:27017, type=REPLICA_SET_SECONDARY, cryptd=false, state=CONNECTED, ok=true, minWireVersion=0, maxWireVersion=25, maxDocumentSize=16777216, logicalSessionTimeoutMinutes=30, roundTripTimeNanos=462317799, minRoundTripTimeNanos=0, setName='atlas-oa4inv-shard-0', canonicalAddress=ac-exzrcvr-shard-00-00.3mev3q1.mongodb.net:27017, hosts=[ac-exzrcvr-shard-00-00.3mev3q1.mongodb.net:27017, ac-exzrcvr-shard-00-01.3mev3q1.mongodb.net:27017, ac-exzrcvr-shard-00-02.3mev3q1.mongodb.net:27017], passives=[], arbiters=[], primary='ac-exzrcvr-shard-00-01.3mev3q1.mongodb.net:27017', tagSet=TagSet{[Tag{name='availabilityZone', value='aps1-az1'}, Tag{name='diskState', value='READY'}, Tag{name='nodeType', value='ELECTABLE'}, Tag{name='provider', value='AWS'}, Tag{name='region', value='AP_SOUTH_1'}, Tag{name='workloadType', value='OPERATIONAL'}]}, electionId=null, setVersion=287, topologyVersion=TopologyVersion{processId=69b2e4ff0d5b521614cbc362, counter=4}, lastWriteDate=Thu Mar 26 23:14:07 IST 2026, lastUpdateTimeNanos=4413828604158300}
23:14:07.549 [cluster-ClusterId{value='69c570667be20ed4f79568e7', description='Cluster0'}-ac-exzrcvr-shard-00-01.3mev3q1.mongodb.net:27017] INFO  org.mongodb.driver.cluster - Monitor thread successfully connected to server with description ServerDescription{address=ac-exzrcvr-shard-00-01.3mev3q1.mongodb.net:27017, type=REPLICA_SET_PRIMARY, cryptd=false, state=CONNECTED, ok=true, minWireVersion=0, maxWireVersion=25, maxDocumentSize=16777216, logicalSessionTimeoutMinutes=30, roundTripTimeNanos=462317800, minRoundTripTimeNanos=0, setName='atlas-oa4inv-shard-0', canonicalAddress=ac-exzrcvr-shard-00-01.3mev3q1.mongodb.net:27017, hosts=[ac-exzrcvr-shard-00-00.3mev3q1.mongodb.net:27017, ac-exzrcvr-shard-00-01.3mev3q1.mongodb.net:27017, ac-exzrcvr-shard-00-02.3mev3q1.mongodb.net:27017], passives=[], arbiters=[], primary='ac-exzrcvr-shard-00-01.3mev3q1.mongodb.net:27017', tagSet=TagSet{[Tag{name='availabilityZone', value='aps1-az3'}, Tag{name='diskState', value='READY'}, Tag{name='nodeType', value='ELECTABLE'}, Tag{name='provider', value='AWS'}, Tag{name='region', value='AP_SOUTH_1'}, Tag{name='workloadType', value='OPERATIONAL'}]}, electionId=7fffffff0000000000000121, setVersion=287, topologyVersion=TopologyVersion{processId=69b2e7d7ffef36ef94f670d8, counter=6}, lastWriteDate=Thu Mar 26 23:14:07 IST 2026, lastUpdateTimeNanos=4413828604158300}
23:14:07.549 [cluster-ClusterId{value='69c570667be20ed4f79568e7', description='Cluster0'}-ac-exzrcvr-shard-00-02.3mev3q1.mongodb.net:27017] INFO  org.mongodb.driver.cluster - Monitor thread successfully connected to server with description ServerDescription{address=ac-exzrcvr-shard-00-02.3mev3q1.mongodb.net:27017, type=REPLICA_SET_SECONDARY, cryptd=false, state=CONNECTED, ok=true, minWireVersion=0, maxWireVersion=25, maxDocumentSize=16777216, logicalSessionTimeoutMinutes=30, roundTripTimeNanos=462317899, minRoundTripTimeNanos=0, setName='atlas-oa4inv-shard-0', canonicalAddress=ac-exzrcvr-shard-00-02.3mev3q1.mongodb.net:27017, hosts=[ac-exzrcvr-shard-00-00.3mev3q1.mongodb.net:27017, ac-exzrcvr-shard-00-01.3mev3q1.mongodb.net:27017, ac-exzrcvr-shard-00-02.3mev3q1.mongodb.net:27017], passives=[], arbiters=[], primary='ac-exzrcvr-shard-00-01.3mev3q1.mongodb.net:27017', tagSet=TagSet{[Tag{name='availabilityZone', value='aps1-az2'}, Tag{name='diskState', value='READY'}, Tag{name='nodeType', value='ELECTABLE'}, Tag{name='provider', value='AWS'}, Tag{name='region', value='AP_SOUTH_1'}, Tag{name='workloadType', value='OPERATIONAL'}]}, electionId=null, setVersion=287, topologyVersion=TopologyVersion{processId=69b2ea8b1a2857c1cb805842, counter=3}, lastWriteDate=Thu Mar 26 23:14:07 IST 2026, lastUpdateTimeNanos=4413828604158300}
23:14:07.553 [cluster-ClusterId{value='69c570667be20ed4f79568e7', description='Cluster0'}-ac-exzrcvr-shard-00-01.3mev3q1.mongodb.net:27017] INFO  org.mongodb.driver.cluster - Discovered replica set primary ac-exzrcvr-shard-00-01.3mev3q1.mongodb.net:27017 with max election id 7fffffff0000000000000121 and max set version 287
23:14:08.985 [main] INFO  o.s.b.a.e.web.EndpointLinksResolver - Exposing 1 endpoint beneath base path '/actuator'
23:14:09.053 [main] INFO  o.s.s.c.a.a.c.InitializeUserDetailsBeanManagerConfigurer$InitializeUserDetailsManagerConfigurer - Global AuthenticationManager configured with UserDetailsService bean with name userDetailsServiceImpl
23:14:09.738 [main] INFO  c.e.j.Services.EmailServiceTest - Started EmailServiceTest in 5.632 seconds (process running for 7.363)
23:14:13.777 [main] ERROR c.e.journalApp.Services.EmailService - Exception while send mail
org.springframework.mail.MailAuthenticationException: Authentication failed
	at org.springframework.mail.javamail.JavaMailSenderImpl.doSend(JavaMailSenderImpl.java:402)
	at org.springframework.mail.javamail.JavaMailSenderImpl.send(JavaMailSenderImpl.java:317)
	at org.springframework.mail.MailSender.send(MailSender.java:42)
	at com.edigest.journalApp.Services.EmailService.sendEmail(EmailService.java:23)
	at com.edigest.journalApp.Services.EmailServiceTest.testSendMail(EmailServiceTest.java:15)
	at java.base/jdk.internal.reflect.DirectMethodHandleAccessor.invoke(DirectMethodHandleAccessor.java:103)
	at java.base/java.lang.reflect.Method.invoke(Method.java:580)
	at org.junit.platform.commons.util.ReflectionUtils.invokeMethod(ReflectionUtils.java:775)
	at org.junit.platform.commons.support.ReflectionSupport.invokeMethod(ReflectionSupport.java:479)
	at org.junit.jupiter.engine.execution.MethodInvocation.proceed(MethodInvocation.java:60)
	at org.junit.jupiter.engine.execution.InvocationInterceptorChain$ValidatingInvocation.proceed(InvocationInterceptorChain.java:131)
	at org.junit.jupiter.engine.extension.TimeoutExtension.intercept(TimeoutExtension.java:161)
	at org.junit.jupiter.engine.extension.TimeoutExtension.interceptTestableMethod(TimeoutExtension.java:152)
	at org.junit.jupiter.engine.extension.TimeoutExtension.interceptTestMethod(TimeoutExtension.java:91)
	at org.junit.jupiter.engine.execution.InterceptingExecutableInvoker$ReflectiveInterceptorCall.lambda$ofVoidMethod$0(InterceptingExecutableInvoker.java:112)
	at org.junit.jupiter.engine.execution.InterceptingExecutableInvoker.lambda$invoke$0(InterceptingExecutableInvoker.java:94)
	at org.junit.jupiter.engine.execution.InvocationInterceptorChain$InterceptedInvocation.proceed(InvocationInterceptorChain.java:106)
	at org.junit.jupiter.engine.execution.InvocationInterceptorChain.proceed(InvocationInterceptorChain.java:64)
	at org.junit.jupiter.engine.execution.InvocationInterceptorChain.chainAndInvoke(InvocationInterceptorChain.java:45)
	at org.junit.jupiter.engine.execution.InvocationInterceptorChain.invoke(InvocationInterceptorChain.java:37)
	at org.junit.jupiter.engine.execution.InterceptingExecutableInvoker.invoke(InterceptingExecutableInvoker.java:93)
	at org.junit.jupiter.engine.execution.InterceptingExecutableInvoker.invoke(InterceptingExecutableInvoker.java:87)
	at org.junit.jupiter.engine.descriptor.TestMethodTestDescriptor.lambda$invokeTestMethod$7(TestMethodTestDescriptor.java:216)
	at org.junit.platform.engine.support.hierarchical.ThrowableCollector.execute(ThrowableCollector.java:73)
	at org.junit.jupiter.engine.descriptor.TestMethodTestDescriptor.invokeTestMethod(TestMethodTestDescriptor.java:212)
	at org.junit.jupiter.engine.descriptor.TestMethodTestDescriptor.execute(TestMethodTestDescriptor.java:137)
	at org.junit.jupiter.engine.descriptor.TestMethodTestDescriptor.execute(TestMethodTestDescriptor.java:69)
	at org.junit.platform.engine.support.hierarchical.NodeTestTask.lambda$executeRecursively$6(NodeTestTask.java:156)
	at org.junit.platform.engine.support.hierarchical.ThrowableCollector.execute(ThrowableCollector.java:73)
	at org.junit.platform.engine.support.hierarchical.NodeTestTask.lambda$executeRecursively$8(NodeTestTask.java:146)
	at org.junit.platform.engine.support.hierarchical.Node.around(Node.java:137)
	at org.junit.platform.engine.support.hierarchical.NodeTestTask.lambda$executeRecursively$9(NodeTestTask.java:144)
	at org.junit.platform.engine.support.hierarchical.ThrowableCollector.execute(ThrowableCollector.java:73)
	at org.junit.platform.engine.support.hierarchical.NodeTestTask.executeRecursively(NodeTestTask.java:143)
	at org.junit.platform.engine.support.hierarchical.NodeTestTask.execute(NodeTestTask.java:100)
	at java.base/java.util.ArrayList.forEach(ArrayList.java:1596)
	at org.junit.platform.engine.support.hierarchical.SameThreadHierarchicalTestExecutorService.invokeAll(SameThreadHierarchicalTestExecutorService.java:41)
	at org.junit.platform.engine.support.hierarchical.NodeTestTask.lambda$executeRecursively$6(NodeTestTask.java:160)
	at org.junit.platform.engine.support.hierarchical.ThrowableCollector.execute(ThrowableCollector.java:73)
	at org.junit.platform.engine.support.hierarchical.NodeTestTask.lambda$executeRecursively$8(NodeTestTask.java:146)
	at org.junit.platform.engine.support.hierarchical.Node.around(Node.java:137)
	at org.junit.platform.engine.support.hierarchical.NodeTestTask.lambda$executeRecursively$9(NodeTestTask.java:144)
	at org.junit.platform.engine.support.hierarchical.ThrowableCollector.execute(ThrowableCollector.java:73)
	at org.junit.platform.engine.support.hierarchical.NodeTestTask.executeRecursively(NodeTestTask.java:143)
	at org.junit.platform.engine.support.hierarchical.NodeTestTask.execute(NodeTestTask.java:100)
	at java.base/java.util.ArrayList.forEach(ArrayList.java:1596)
	at org.junit.platform.engine.support.hierarchical.SameThreadHierarchicalTestExecutorService.invokeAll(SameThreadHierarchicalTestExecutorService.java:41)
	at org.junit.platform.engine.support.hierarchical.NodeTestTask.lambda$executeRecursively$6(NodeTestTask.java:160)
	at org.junit.platform.engine.support.hierarchical.ThrowableCollector.execute(ThrowableCollector.java:73)
	at org.junit.platform.engine.support.hierarchical.NodeTestTask.lambda$executeRecursively$8(NodeTestTask.java:146)
	at org.junit.platform.engine.support.hierarchical.Node.around(Node.java:137)
	at org.junit.platform.engine.support.hierarchical.NodeTestTask.lambda$executeRecursively$9(NodeTestTask.java:144)
	at org.junit.platform.engine.support.hierarchical.ThrowableCollector.execute(ThrowableCollector.java:73)
	at org.junit.platform.engine.support.hierarchical.NodeTestTask.executeRecursively(NodeTestTask.java:143)
	at org.junit.platform.engine.support.hierarchical.NodeTestTask.execute(NodeTestTask.java:100)
	at org.junit.platform.engine.support.hierarchical.SameThreadHierarchicalTestExecutorService.submit(SameThreadHierarchicalTestExecutorService.java:35)
	at org.junit.platform.engine.support.hierarchical.HierarchicalTestExecutor.execute(HierarchicalTestExecutor.java:57)
	at org.junit.platform.engine.support.hierarchical.HierarchicalTestEngine.execute(HierarchicalTestEngine.java:54)
	at org.junit.platform.launcher.core.EngineExecutionOrchestrator.execute(EngineExecutionOrchestrator.java:201)
	at org.junit.platform.launcher.core.EngineExecutionOrchestrator.execute(EngineExecutionOrchestrator.java:170)
	at org.junit.platform.launcher.core.EngineExecutionOrchestrator.execute(EngineExecutionOrchestrator.java:94)
	at org.junit.platform.launcher.core.EngineExecutionOrchestrator.lambda$execute$0(EngineExecutionOrchestrator.java:59)
	at org.junit.platform.launcher.core.EngineExecutionOrchestrator.withInterceptedStreams(EngineExecutionOrchestrator.java:142)
	at org.junit.platform.launcher.core.EngineExecutionOrchestrator.execute(EngineExecutionOrchestrator.java:58)
	at org.junit.platform.launcher.core.DefaultLauncher.execute(DefaultLauncher.java:103)
	at org.junit.platform.launcher.core.DefaultLauncher.execute(DefaultLauncher.java:85)
	at org.junit.platform.launcher.core.DelegatingLauncher.execute(DelegatingLauncher.java:47)
	at org.junit.platform.launcher.core.InterceptingLauncher.lambda$execute$1(InterceptingLauncher.java:39)
	at org.junit.platform.launcher.core.ClasspathAlignmentCheckingLauncherInterceptor.intercept(ClasspathAlignmentCheckingLauncherInterceptor.java:25)
	at org.junit.platform.launcher.core.InterceptingLauncher.execute(InterceptingLauncher.java:38)
	at org.junit.platform.launcher.core.DelegatingLauncher.execute(DelegatingLauncher.java:47)
	at org.apache.maven.surefire.junitplatform.LauncherAdapter.executeWithoutCancellationToken(LauncherAdapter.java:60)
	at org.apache.maven.surefire.junitplatform.LauncherAdapter.execute(LauncherAdapter.java:52)
	at org.apache.maven.surefire.junitplatform.JUnitPlatformProvider.execute(JUnitPlatformProvider.java:203)
	at org.apache.maven.surefire.junitplatform.JUnitPlatformProvider.invokeAllTests(JUnitPlatformProvider.java:168)
	at org.apache.maven.surefire.junitplatform.JUnitPlatformProvider.invoke(JUnitPlatformProvider.java:136)
	at org.apache.maven.surefire.booter.ForkedBooter.runSuitesInProcess(ForkedBooter.java:385)
	at org.apache.maven.surefire.booter.ForkedBooter.execute(ForkedBooter.java:162)
	at org.apache.maven.surefire.booter.ForkedBooter.run(ForkedBooter.java:507)
	at org.apache.maven.surefire.booter.ForkedBooter.main(ForkedBooter.java:495)
Caused by: jakarta.mail.AuthenticationFailedException: 535-5.7.8 Username and Password not accepted. For more information, go to
535 5.7.8  https://support.google.com/mail/?p=BadCredentials d9443c01a7336-2b0bc79c471sm37537685ad.22 - gsmtp

	at org.eclipse.angus.mail.smtp.SMTPTransport$Authenticator.authenticate(SMTPTransport.java:954)
	at org.eclipse.angus.mail.smtp.SMTPTransport.authenticate(SMTPTransport.java:865)
	at org.eclipse.angus.mail.smtp.SMTPTransport.protocolConnect(SMTPTransport.java:769)
	at jakarta.mail.Service.connect(Service.java:345)
	at org.springframework.mail.javamail.JavaMailSenderImpl.connectTransport(JavaMailSenderImpl.java:480)
	at org.springframework.mail.javamail.JavaMailSenderImpl.doSend(JavaMailSenderImpl.java:399)
	... 79 common frames omitted
